#
# There is insufficient memory for the Java Runtime Environment to continue.
# Native memory allocation (malloc) failed to allocate 2644952 bytes. Error detail: Chunk::new
# Possible reasons:
#   The system is out of physical RAM or swap space
#   This process is running with CompressedOops enabled, and the Java Heap may be blocking the growth of the native heap
# Possible solutions:
#   Reduce memory load on the system
#   Increase physical memory or swap space
#   Check if swap backing store is full
#   Decrease Java heap size (-Xmx/-Xms)
#   Decrease number of Java threads
#   Decrease Java thread stack sizes (-Xss)
#   Set larger code cache with -XX:ReservedCodeCacheSize=
#   JVM is running with Zero Based Compressed Oops mode in which the Java heap is
#     placed in the first 32GB address space. The Java Heap base address is the
#     maximum limit for the native heap growth. Please use -XX:HeapBaseMinAddress
#     to set the Java Heap base and to place the Java Heap above 32GB virtual address.
# This output file may be truncated or incomplete.
#
#  Out of Memory Error (arena.cpp:193), pid=3352, tid=5212
#
# JRE version: Java(TM) SE Runtime Environment (26.0.1+8) (build 26.0.1+8-34)
# Java VM: Java HotSpot(TM) 64-Bit Server VM (26.0.1+8-34, mixed mode, sharing, tiered, compressed oops, compressed class ptrs, g1 gc, windows-amd64)
# No core dump will be written. Minidumps are not enabled by default on client versions of Windows
#

---------------  S U M M A R Y ------------

Command Line: -Dfile.encoding=IBM437 --module-path=C:\Users\TOP M\.m2\repository\org\openjfx\javafx-base\21.0.5\javafx-base-21.0.5-win.jar;C:\Users\TOP M\.m2\repository\org\openjfx\javafx-base\21.0.5\javafx-base-21.0.5.jar;C:\Users\TOP M\.m2\repository\org\openjfx\javafx-controls\21.0.5\javafx-controls-21.0.5-win.jar;C:\Users\TOP M\.m2\repository\org\openjfx\javafx-controls\21.0.5\javafx-controls-21.0.5.jar;C:\Users\TOP M\.m2\repository\org\openjfx\javafx-fxml\21.0.5\javafx-fxml-21.0.5-win.jar;C:\Users\TOP M\.m2\repository\org\openjfx\javafx-fxml\21.0.5\javafx-fxml-21.0.5.jar;C:\Users\TOP M\.m2\repository\org\openjfx\javafx-graphics\21.0.5\javafx-graphics-21.0.5-win.jar;C:\Users\TOP M\.m2\repository\org\openjfx\javafx-graphics\21.0.5\javafx-graphics-21.0.5.jar --add-modules=javafx.base,javafx.controls,javafx.fxml,javafx.graphics com.smartfarm.Main

Host: 11th Gen Intel(R) Core(TM) i7-11800H @ 2.30GHz, 16 cores, 15G,  Windows 11 , 64 bit Build 26100 (10.0.26100.8737)
Time: Sat Jul  4 19:57:25 2026 West Bank Gaza Daylight Time elapsed time: 0.912644 seconds (0d 0h 0m 0s)

---------------  T H R E A D  ---------------

Current thread (0x000001cba0254a80):  JavaThread "C2 CompilerThread2" daemon [_thread_in_native, id=5212, stack(0x0000008bfea00000,0x0000008bfeb00000) (1024K)]


Current CompileTask:
C2:912 1615       4       com.sun.javafx.css.ParsedValueImpl::<init> (38 bytes)

Stack: [0x0000008bfea00000,0x0000008bfeb00000]
Native frames: (J=compiled Java code, j=interpreted, Vv=VM code, C=native code)
V  [jvm.dll+0x7d5879]  (no source info available)
V  [jvm.dll+0x7a37dd]  (no source info available)
V  [jvm.dll+0x9b0c10]  (no source info available)
V  [jvm.dll+0x9b3061]  (no source info available)
V  [jvm.dll+0x9b3773]  (no source info available)
V  [jvm.dll+0x30df76]  (no source info available)
V  [jvm.dll+0x11d8a6]  (no source info available)
V  [jvm.dll+0x11dbce]  (no source info available)
V  [jvm.dll+0x1afbe6]  (no source info available)
V  [jvm.dll+0x3ca822]  (no source info available)
V  [jvm.dll+0x7de462]  (no source info available)
V  [jvm.dll+0x2d1647]  (no source info available)
V  [jvm.dll+0x2d05bf]  (no source info available)
V  [jvm.dll+0x246820]  (no source info available)
V  [jvm.dll+0x2e06dc]  (no source info available)
V  [jvm.dll+0x2de8bd]  (no source info available)
V  [jvm.dll+0x4a3ff1]  (no source info available)
V  [jvm.dll+0x94f649]  (no source info available)
V  [jvm.dll+0x7d7358]  (no source info available)
C  [ucrtbase.dll+0x2cd30]  (no source info available)
C  [KERNEL32.DLL+0x2e957]  (no source info available)
C  [ntdll.dll+0xaad6c]  (no source info available)

Lock stack of current Java thread (top to bottom):


---------------  P R O C E S S  ---------------

Threads class SMR info:
_java_thread_list=0x000001cba0389df0, length=22, elements={
0x000001cbf7bd4850, 0x000001cb9a912250, 0x000001cb9a912b50, 0x000001cb9a916820,
0x000001cb9a917500, 0x000001cb9a925220, 0x000001cb9a920910, 0x000001cb9a939bc0,
0x000001cb9a9478b0, 0x000001cb9a9210e0, 0x000001cb9ac7ab20, 0x000001cb9ac7b3e0,
0x000001cb9ac7ca70, 0x000001cb9f33af60, 0x000001cb9f33c6d0, 0x000001cb9f339fc0,
0x000001cb9f33fd80, 0x000001cb9fec00e0, 0x000001cb9febe970, 0x000001cba00dcaf0,
0x000001cba0254a80, 0x000001cba03b7e20
}

Java Threads: ( => current thread )
  0x000001cbf7bd4850 JavaThread "main"                              [_thread_blocked, id=2816, stack(0x0000008bfc600000,0x0000008bfc700000) (1024K)]
  0x000001cb9a912250 JavaThread "Reference Handler"          daemon [_thread_blocked, id=4864, stack(0x0000008bfcf00000,0x0000008bfd000000) (1024K)]
  0x000001cb9a912b50 JavaThread "Finalizer"                  daemon [_thread_blocked, id=9980, stack(0x0000008bfd000000,0x0000008bfd100000) (1024K)]
  0x000001cb9a916820 JavaThread "Signal Dispatcher"          daemon [_thread_blocked, id=10664, stack(0x0000008bfd100000,0x0000008bfd200000) (1024K)]
  0x000001cb9a917500 JavaThread "Attach Listener"            daemon [_thread_blocked, id=20572, stack(0x0000008bfd200000,0x0000008bfd300000) (1024K)]
  0x000001cb9a925220 JavaThread "Service Thread"             daemon [_thread_blocked, id=21204, stack(0x0000008bfd300000,0x0000008bfd400000) (1024K)]
  0x000001cb9a920910 JavaThread "Monitor Deflation Thread"   daemon [_thread_blocked, id=3568, stack(0x0000008bfd400000,0x0000008bfd500000) (1024K)]
  0x000001cb9a939bc0 JavaThread "C2 CompilerThread0"         daemon [_thread_blocked, id=20660, stack(0x0000008bfd500000,0x0000008bfd600000) (1024K)]
  0x000001cb9a9478b0 JavaThread "C1 CompilerThread0"         daemon [_thread_blocked, id=6376, stack(0x0000008bfd600000,0x0000008bfd700000) (1024K)]
  0x000001cb9a9210e0 JavaThread "Common-Cleaner"             daemon [_thread_blocked, id=16140, stack(0x0000008bfd700000,0x0000008bfd800000) (1024K)]
  0x000001cb9ac7ab20 JavaThread "C1 CompilerThread1"         daemon [_thread_blocked, id=15304, stack(0x0000008bfd800000,0x0000008bfd900000) (1024K)]
  0x000001cb9ac7b3e0 JavaThread "C1 CompilerThread2"         daemon [_thread_blocked, id=21436, stack(0x0000008bfd900000,0x0000008bfda00000) (1024K)]
  0x000001cb9ac7ca70 JavaThread "C1 CompilerThread3"         daemon [_thread_blocked, id=19336, stack(0x0000008bfda00000,0x0000008bfdb00000) (1024K)]
  0x000001cb9f33af60 JavaThread "Notification Thread"        daemon [_thread_blocked, id=20272, stack(0x0000008bfdf00000,0x0000008bfe000000) (1024K)]
  0x000001cb9f33c6d0 JavaThread "QuantumRenderer-0"          daemon [_thread_blocked, id=13260, stack(0x0000008bfdd00000,0x0000008bfde00000) (1024K)]
  0x000001cb9f339fc0 JavaThread "InvokeLaterDispatcher"      daemon [_thread_blocked, id=20232, stack(0x0000008bfe000000,0x0000008bfe100000) (1024K)]
  0x000001cb9f33fd80 JavaThread "JavaFX Application Thread"         [_thread_in_native, id=17260, stack(0x0000008bfe100000,0x0000008bfe200000) (1024K)]
  0x000001cb9fec00e0 JavaThread "JavaFX-Launcher"                   [_thread_blocked, id=8016, stack(0x0000008bfdc00000,0x0000008bfdd00000) (1024K)]
  0x000001cb9febe970 JavaThread "Thread-2"                   daemon [_thread_in_native, id=10988, stack(0x0000008bfdb00000,0x0000008bfdc00000) (1024K)]
  0x000001cba00dcaf0 JavaThread "C2 CompilerThread1"         daemon [_thread_in_native, id=21476, stack(0x0000008bfe900000,0x0000008bfea00000) (1024K)]
=>0x000001cba0254a80 JavaThread "C2 CompilerThread2"         daemon [_thread_in_native, id=5212, stack(0x0000008bfea00000,0x0000008bfeb00000) (1024K)]
  0x000001cba03b7e20 JavaThread "C2 CompilerThread3"         daemon [_thread_in_native, id=20000, stack(0x0000008bfeb00000,0x0000008bfec00000) (1024K)]
Total: 22

Other Threads:
  0x000001cb9a902080 VMThread "VM Thread"                           [id=16600, stack(0x0000008bfce00000,0x0000008bfcf00000) (1024K)]
  0x000001cb9a8f2bd0 WatcherThread "VM Periodic Task Thread"        [id=4272, stack(0x0000008bfcd00000,0x0000008bfce00000) (1024K)]
  0x000001cbfa070810 WorkerThread "GC Thread#0"                     [id=2608, stack(0x0000008bfc700000,0x0000008bfc800000) (1024K)]
  0x000001cb9f267980 WorkerThread "GC Thread#1"                     [id=21272, stack(0x0000008bfde00000,0x0000008bfdf00000) (1024K)]
  0x000001cba0035cd0 WorkerThread "GC Thread#2"                     [id=11848, stack(0x0000008bfe500000,0x0000008bfe600000) (1024K)]
  0x000001cba00360f0 WorkerThread "GC Thread#3"                     [id=6068, stack(0x0000008bfe600000,0x0000008bfe700000) (1024K)]
  0x000001cba0023180 WorkerThread "GC Thread#4"                     [id=7924, stack(0x0000008bfe700000,0x0000008bfe800000) (1024K)]
  0x000001cba00239b0 WorkerThread "GC Thread#5"                     [id=20680, stack(0x0000008bfe800000,0x0000008bfe900000) (1024K)]
  0x000001cbfa0890f0 ConcurrentGCThread "G1 Main Marker"            [id=20220, stack(0x0000008bfc800000,0x0000008bfc900000) (1024K)]
  0x000001cbfa08aac0 WorkerThread "G1 Conc#0"                       [id=7740, stack(0x0000008bfc900000,0x0000008bfca00000) (1024K)]
  0x000001cb9a7c4410 WorkerThread "G1 Refinement Workers#0"         [id=17832, stack(0x0000008bfcb00000,0x0000008bfcc00000) (1024K)]
  0x000001cbfa0de100 ConcurrentGCThread "G1 Refine Control"         [id=21112, stack(0x0000008bfca00000,0x0000008bfcb00000) (1024K)]
  0x000001cb9a7c7da0 ConcurrentGCThread "G1 Service"                [id=21312, stack(0x0000008bfcc00000,0x0000008bfcd00000) (1024K)]
Total: 13

Threads with active compile tasks:
C2 CompilerThread1  2030 1742       4       com.sun.javafx.image.impl.BaseByteToByteConverter$FourByteReorderer::doConvert (138 bytes)
C2 CompilerThread2  2030 1615       4       com.sun.javafx.css.ParsedValueImpl::<init> (38 bytes)
C2 CompilerThread3  2030 1618       4       com.sun.javafx.css.ParsedValueImpl::getContainsLookupsFlag (219 bytes)
Total: 3

VM state: not at safepoint (normal execution)

VM Mutex/Monitor currently owned by a thread: None

Heap address: 0x0000000705a00000, size: 4006 MB, Compressed Oops mode: Zero based, Oop shift amount: 3

CDS archive(s) mapped at: [0x0000000039000000-0x0000000039de0000-0x0000000039de0000), size 14548992, SharedBaseAddress: 0x0000000039000000, ArchiveRelocationMode: 1.
Compressed class space mapped at: 0x000000003a000000-0x000000007a000000, reserved size: 1073741824
UseCompressedClassPointers 1, UseCompactObjectHeaders 0
Narrow klass pointer bits 32, Max shift 3
Narrow klass base: 0x0000000039000000, Narrow klass shift: 0
Encoding Range: [0x0000000039000000 - 0x0000000139000000), (4294967296 bytes)
Klass Range:    [0x0000000039000000 - 0x000000007a000000), (1090519040 bytes)
Klass ID Range:  [8 - 1090519033) (1090519025)
Protection zone: [0x0000000039000000 - 0x0000000039010000), (65536 bytes)

GC Precious Log:
 CardTable entry size: 512
 Card Set container configuration: InlinePtr #cards 4 size 8 Array Of Cards #cards 16 size 48 Howl #buckets 8 coarsen threshold 3686 Howl Bitmap #cards 512 size 80 coarsen threshold 460 Card regions per heap region 1 cards per card region 4096
 CPUs: 16 total, 16 available
 Memory: 16021M
 Large Page Support: Disabled
 NUMA Support: Disabled
 Compressed Oops: Enabled (Zero based)
 Heap Region Size: 2M
 Heap Min Capacity: 8M
 Heap Initial Capacity: 8M
 Heap Max Capacity: 4006M
 Pre-touch: Disabled
 Parallel Workers: 13
 Concurrent Workers: 3
 Concurrent Refinement Workers: 13
 Periodic GC: Disabled

Heap:
 garbage-first heap   total reserved 4102144K, committed 30720K, used 19642K [0x0000000705a00000, 0x0000000800000000)
  region size 2M, 3 eden (6M), 1 survivor (2M), 8 old (16M), 0 humongous (0M), 3 free (6M)

Heap Regions: E=young(eden), S=young(survivor), O=old, HS=humongous(starts), HC=humongous(continues), CS=collection set, F=free, TAMS=top-at-mark-start, PB=parsable bottom
|    0|0x0000000705a00000, 0x0000000705c00000, 0x0000000705c00000|100%| O|  |TAMS 0x0000000705a00000| PB 0x0000000705a00000| Untracked |  0
|    1|0x0000000705c00000, 0x0000000705e00000, 0x0000000705e00000|100%| O|  |TAMS 0x0000000705c00000| PB 0x0000000705c00000| Untracked |  0
|    2|0x0000000705e00000, 0x0000000706000000, 0x0000000706000000|100%| O|  |TAMS 0x0000000705e00000| PB 0x0000000705e00000| Untracked |  0
|    3|0x0000000706000000, 0x0000000706200000, 0x0000000706200000|100%| O|  |TAMS 0x0000000706000000| PB 0x0000000706000000| Untracked |  0
|    4|0x0000000706200000, 0x0000000706400000, 0x0000000706400000|100%| O|  |TAMS 0x0000000706200000| PB 0x0000000706200000| Untracked |  0
|    5|0x0000000706400000, 0x0000000706600000, 0x0000000706600000|100%| O|  |TAMS 0x0000000706400000| PB 0x0000000706400000| Untracked |  0
|    6|0x0000000706600000, 0x0000000706710f78, 0x0000000706800000| 53%| O|  |TAMS 0x0000000706600000| PB 0x0000000706600000| Untracked |  0
|    7|0x0000000706800000, 0x0000000706800000, 0x0000000706a00000|  0%| F|  |TAMS 0x0000000706800000| PB 0x0000000706800000| Untracked |  0
|    8|0x0000000706a00000, 0x0000000706a00000, 0x0000000706c00000|  0%| F|  |TAMS 0x0000000706a00000| PB 0x0000000706a00000| Untracked |  0
|    9|0x0000000706c00000, 0x0000000706c00000, 0x0000000706e00000|  0%| F|  |TAMS 0x0000000706c00000| PB 0x0000000706c00000| Untracked |  0
|   10|0x0000000706e00000, 0x0000000706ef4c10, 0x0000000707000000| 47%| S|CS|TAMS 0x0000000706e00000| PB 0x0000000706e00000| Complete  |  0
|   11|0x0000000707000000, 0x00000007071a0fa8, 0x0000000707200000| 81%| E|CS|TAMS 0x0000000707000000| PB 0x0000000707000000| Complete  |  0
|   12|0x0000000707200000, 0x0000000707400000, 0x0000000707400000|100%| E|CS|TAMS 0x0000000707200000| PB 0x0000000707200000| Complete  |  0
|   13|0x0000000707400000, 0x0000000707600000, 0x0000000707600000|100%| E|CS|TAMS 0x0000000707400000| PB 0x0000000707400000| Complete  |  0
| 2002|0x00000007ffe00000, 0x00000007fff28d80, 0x0000000800000000| 57%| O|  |TAMS 0x00000007ffe00000| PB 0x00000007ffe00000| Untracked |  0

Card table byte_map: [0x000001cbfb140000,0x000001cbfb920000] _byte_map_base: 0x000001cbf7913000
Refinement table byte_map: [0x000001cbfb920000,0x000001cbfc100000] _byte_map_base: 0x000001cbf80f3000

Marking Bits: (CMBitMap*) 0x000001cbfa070f90
 Bits: [0x000001cbfc100000, 0x000001cbfff98000)

Polling page: 0x000001cbf7f10000

Metaspace:
Metaspace        used 10654K, committed 10880K, reserved 1114112K
 class space     used 1473K, committed 1600K, reserved 1048576K

Usage:
  Non-class:      8.97 MB used.
      Class:      1.44 MB used.
       Both:     10.41 MB used.

Virtual space:
  Non-class space:       64.00 MB reserved,       9.06 MB ( 14%) committed,  1 nodes.
      Class space:        1.00 GB reserved,       1.56 MB ( <1%) committed,  1 nodes.
             Both:        1.06 GB reserved,      10.62 MB ( <1%) committed. 

Chunk freelists:
   Non-Class:  6.25 MB
       Class:  14.48 MB
        Both:  20.73 MB

MaxMetaspaceSize: unlimited
CompressedClassSpaceSize: 1.00 GB
Initial GC threshold: 21.00 MB
Current GC threshold: 21.00 MB
CDS: on
 - commit_granule_bytes: 65536.
 - commit_granule_words: 8192.
 - virtual_space_node_default_size: 8388608.
 - enlarge_chunks_in_place: 1.
UseCompressedClassPointers 1, UseCompactObjectHeaders 0
Narrow klass pointer bits 32, Max shift 3
Narrow klass base: 0x0000000039000000, Narrow klass shift: 0
Encoding Range: [0x0000000039000000 - 0x0000000139000000), (4294967296 bytes)
Klass Range:    [0x0000000039000000 - 0x000000007a000000), (1090519040 bytes)
Klass ID Range:  [8 - 1090519033) (1090519025)
Protection zone: [0x0000000039000000 - 0x0000000039010000), (65536 bytes)


Internal statistics:

num_allocs_failed_limit: 0.
num_arena_births: 170.
num_arena_deaths: 0.
num_vsnodes_births: 2.
num_vsnodes_deaths: 0.
num_space_committed: 170.
num_space_uncommitted: 0.
num_chunks_returned_to_freelist: 0.
num_chunks_taken_from_freelist: 493.
num_chunk_merges: 0.
num_chunk_splits: 331.
num_chunks_enlarged: 251.
num_inconsistent_stats: 0.

CodeHeap 'non-profiled nmethods': size=119168Kb used=545Kb max_used=545Kb free=118622Kb
 bounds [0x000001cb90790000, 0x000001cb90a00000, 0x000001cb97bf0000]
CodeHeap 'profiled nmethods': size=119168Kb used=2427Kb max_used=2427Kb free=116740Kb
 bounds [0x000001cb88be0000, 0x000001cb88e50000, 0x000001cb90040000]
CodeHeap 'non-nmethods': size=7488Kb used=3409Kb max_used=3485Kb free=4078Kb
 bounds [0x000001cb90040000, 0x000001cb903b0000, 0x000001cb90790000]
CodeCache: size=245824Kb, used=6381Kb, max_used=6457Kb, free=239440Kb
 total_blobs=2424, nmethods=1754, adapters=569, full_count=0
Compilation: enabled, stopped_count=0, restarted_count=0

Compilation events (20 events):
Event: 0.835 Thread 0x000001cb9a9478b0 nmethod 1609 0x000001cb88e0bd88 code [0x000001cb88e0be80, 0x000001cb88e0c0e0]
Event: 0.835 Thread 0x000001cb9a9478b0 1612       3       javafx.css.Rule$Observables$1::<init> (11 bytes)
Event: 0.835 Thread 0x000001cb9a9478b0 nmethod 1612 0x000001cb88e0c108 code [0x000001cb88e0c200, 0x000001cb88e0c680]
Event: 0.835 Thread 0x000001cb9a9478b0 1614       3       javafx.css.Rule$Observables$2::<init> (11 bytes)
Event: 0.835 Thread 0x000001cb9ac7ab20 nmethod 1611 0x000001cb88e0c708 code [0x000001cb88e0c800, 0x000001cb88e0cbc8]
Event: 0.835 Thread 0x000001cb9ac7b3e0 nmethod 1610 0x000001cb88e0cc08 code [0x000001cb88e0cd00, 0x000001cb88e0dc70]
Event: 0.835 Thread 0x000001cba03b7e20 nmethod 1589 0x000001cb90807008 code [0x000001cb90807100, 0x000001cb908078d0]
Event: 0.835 Thread 0x000001cb9a9478b0 nmethod 1614 0x000001cb88e0dc88 code [0x000001cb88e0dd80, 0x000001cb88e0e200]
Event: 0.836 Thread 0x000001cba0254a80 1615       4       com.sun.javafx.css.ParsedValueImpl::<init> (38 bytes)
Event: 0.836 Thread 0x000001cb9a939bc0 1616   !   4       com.sun.javafx.css.ParsedValueImpl::readBinary (691 bytes)
Event: 0.836 Thread 0x000001cb9ac7b3e0 1617       3       javafx.scene.paint.Paint::<init> (5 bytes)
Event: 0.836 Thread 0x000001cb9ac7b3e0 nmethod 1617 0x000001cb88e0e288 code [0x000001cb88e0e380, 0x000001cb88e0e4d0]
Event: 0.836 Thread 0x000001cb9ac7ca70 nmethod 1613 0x000001cb88e0e588 code [0x000001cb88e0e680, 0x000001cb88e0fe88]
Event: 0.836 Thread 0x000001cba03b7e20 1618       4       com.sun.javafx.css.ParsedValueImpl::getContainsLookupsFlag (219 bytes)
Event: 0.838 Thread 0x000001cba00dcaf0 1619       4       jdk.internal.misc.Unsafe::getLongUnaligned (12 bytes)
Event: 0.838 Thread 0x000001cba00dcaf0 nmethod 1619 0x000001cb90807908 code [0x000001cb90807a00, 0x000001cb90807aa8]
Event: 0.839 Thread 0x000001cb9a9478b0 1620       3       java.lang.classfile.CodeBuilder::invoke (46 bytes)
Event: 0.839 Thread 0x000001cb9ac7ab20 1621       3       jdk.internal.classfile.impl.DirectCodeBuilder::invoke (50 bytes)
Event: 0.839 Thread 0x000001cb9a9478b0 nmethod 1620 0x000001cb88e0ff08 code [0x000001cb88e10000, 0x000001cb88e104d8]
Event: 0.839 Thread 0x000001cb9ac7ab20 nmethod 1621 0x000001cb88e10508 code [0x000001cb88e10600, 0x000001cb88e11ba8]

GC Heap Usage History (14 events):
Event: 0.091 {heap Before GC invocations=0 (full 0):
 garbage-first heap   total reserved 4102144K, committed 10240K, used 5283K [0x0000000705a00000, 0x0000000800000000)
  region size 2M, 2 eden (4M), 0 survivor (0M), 1 old (2M), 0 humongous (0M), 2 free (4M)
}
Event: 0.093 {heap After GC invocations=1 (full 0):
 garbage-first heap   total reserved 4102144K, committed 10240K, used 2110K [0x0000000705a00000, 0x0000000800000000)
  region size 2M, 0 eden (0M), 1 survivor (2M), 1 old (2M), 0 humongous (0M), 3 free (6M)
}
Event: 0.103 {heap Before GC invocations=1 (full 0):
 garbage-first heap   total reserved 4102144K, committed 10240K, used 4158K [0x0000000705a00000, 0x0000000800000000)
  region size 2M, 1 eden (2M), 1 survivor (2M), 1 old (2M), 0 humongous (0M), 2 free (4M)
}
Event: 0.104 {heap After GC invocations=2 (full 0):
 garbage-first heap   total reserved 4102144K, committed 10240K, used 1592K [0x0000000705a00000, 0x0000000800000000)
  region size 2M, 0 eden (0M), 1 survivor (2M), 1 old (2M), 0 humongous (0M), 3 free (6M)
}
Event: 0.137 {heap Before GC invocations=2 (full 0):
 garbage-first heap   total reserved 4102144K, committed 10240K, used 3640K [0x0000000705a00000, 0x0000000800000000)
  region size 2M, 1 eden (2M), 1 survivor (2M), 1 old (2M), 0 humongous (0M), 2 free (4M)
}
Event: 0.139 {heap After GC invocations=3 (full 0):
 garbage-first heap   total reserved 4102144K, committed 30720K, used 2197K [0x0000000705a00000, 0x0000000800000000)
  region size 2M, 0 eden (0M), 1 survivor (2M), 1 old (2M), 0 humongous (0M), 13 free (26M)
}
Event: 0.572 {heap Before GC invocations=3 (full 0):
 garbage-first heap   total reserved 4102144K, committed 30720K, used 14485K [0x0000000705a00000, 0x0000000800000000)
  region size 2M, 7 eden (14M), 1 survivor (2M), 1 old (2M), 0 humongous (0M), 6 free (12M)
}
Event: 0.574 {heap After GC invocations=4 (full 0):
 garbage-first heap   total reserved 4102144K, committed 30720K, used 3360K [0x0000000705a00000, 0x0000000800000000)
  region size 2M, 0 eden (0M), 1 survivor (2M), 2 old (4M), 0 humongous (0M), 12 free (24M)
}
Event: 0.694 {heap Before GC invocations=4 (full 0):
 garbage-first heap   total reserved 4102144K, committed 30720K, used 13600K [0x0000000705a00000, 0x0000000800000000)
  region size 2M, 6 eden (12M), 1 survivor (2M), 2 old (4M), 0 humongous (0M), 6 free (12M)
}
Event: 0.696 {heap After GC invocations=5 (full 0):
 garbage-first heap   total reserved 4102144K, committed 30720K, used 5363K [0x0000000705a00000, 0x0000000800000000)
  region size 2M, 0 eden (0M), 1 survivor (2M), 3 old (6M), 0 humongous (0M), 11 free (22M)
}
Event: 0.722 {heap Before GC invocations=5 (full 0):
 garbage-first heap   total reserved 4102144K, committed 30720K, used 15603K [0x0000000705a00000, 0x0000000800000000)
  region size 2M, 6 eden (12M), 1 survivor (2M), 3 old (6M), 0 humongous (0M), 5 free (10M)
}
Event: 0.724 {heap After GC invocations=6 (full 0):
 garbage-first heap   total reserved 4102144K, committed 30720K, used 12570K [0x0000000705a00000, 0x0000000800000000)
  region size 2M, 0 eden (0M), 1 survivor (2M), 6 old (12M), 0 humongous (0M), 8 free (16M)
}
Event: 0.807 {heap Before GC invocations=6 (full 0):
 garbage-first heap   total reserved 4102144K, committed 30720K, used 20762K [0x0000000705a00000, 0x0000000800000000)
  region size 2M, 4 eden (8M), 1 survivor (2M), 6 old (12M), 0 humongous (0M), 4 free (8M)
}
Event: 0.809 {heap After GC invocations=7 (full 0):
 garbage-first heap   total reserved 4102144K, committed 30720K, used 14755K [0x0000000705a00000, 0x0000000800000000)
  region size 2M, 0 eden (0M), 1 survivor (2M), 7 old (14M), 0 humongous (0M), 7 free (14M)
}

Metaspace Usage History (14 events):
Event: 0.091 {metaspace Before GC invocations=0 (full 0):
 Metaspace       used 484K, committed 704K, reserved 1114112K
  class space    used 17K, committed 128K, reserved 1048576K
}
Event: 0.093 {metaspace After GC invocations=1 (full 0):
 Metaspace       used 484K, committed 704K, reserved 1114112K
  class space    used 17K, committed 128K, reserved 1048576K
}
Event: 0.103 {metaspace Before GC invocations=1 (full 0):
 Metaspace       used 510K, committed 704K, reserved 1114112K
  class space    used 17K, committed 128K, reserved 1048576K
}
Event: 0.104 {metaspace After GC invocations=2 (full 0):
 Metaspace       used 510K, committed 704K, reserved 1114112K
  class space    used 17K, committed 128K, reserved 1048576K
}
Event: 0.137 {metaspace Before GC invocations=2 (full 0):
 Metaspace       used 994K, committed 1088K, reserved 1114112K
  class space    used 69K, committed 128K, reserved 1048576K
}
Event: 0.139 {metaspace After GC invocations=3 (full 0):
 Metaspace       used 994K, committed 1088K, reserved 1114112K
  class space    used 69K, committed 128K, reserved 1048576K
}
Event: 0.572 {metaspace Before GC invocations=3 (full 0):
 Metaspace       used 4449K, committed 4608K, reserved 1114112K
  class space    used 505K, committed 576K, reserved 1048576K
}
Event: 0.574 {metaspace After GC invocations=4 (full 0):
 Metaspace       used 4449K, committed 4608K, reserved 1114112K
  class space    used 505K, committed 576K, reserved 1048576K
}
Event: 0.694 {metaspace Before GC invocations=4 (full 0):
 Metaspace       used 7571K, committed 7808K, reserved 1114112K
  class space    used 998K, committed 1088K, reserved 1048576K
}
Event: 0.696 {metaspace After GC invocations=5 (full 0):
 Metaspace       used 7571K, committed 7808K, reserved 1114112K
  class space    used 998K, committed 1088K, reserved 1048576K
}
Event: 0.722 {metaspace Before GC invocations=5 (full 0):
 Metaspace       used 7579K, committed 7808K, reserved 1114112K
  class space    used 998K, committed 1088K, reserved 1048576K
}
Event: 0.724 {metaspace After GC invocations=6 (full 0):
 Metaspace       used 7579K, committed 7808K, reserved 1114112K
  class space    used 998K, committed 1088K, reserved 1048576K
}
Event: 0.807 {metaspace Before GC invocations=6 (full 0):
 Metaspace       used 8609K, committed 8832K, reserved 1114112K
  class space    used 1161K, committed 1280K, reserved 1048576K
}
Event: 0.809 {metaspace After GC invocations=7 (full 0):
 Metaspace       used 8609K, committed 8832K, reserved 1114112K
  class space    used 1161K, committed 1280K, reserved 1048576K
}

Dll operation events (20 events):
Event: 0.365 Attempting to load shared library C:\Users\TOP M\.openjfx\cache\21.0.5+1\amd64\ucrtbase.dll
Event: 0.366 Loaded shared library C:\Users\TOP M\.openjfx\cache\21.0.5+1\amd64\ucrtbase.dll
Event: 0.370 Attempting to load shared library C:\Users\TOP M\.openjfx\cache\21.0.5+1\amd64\vcruntime140.dll
Event: 0.370 Loaded shared library C:\Users\TOP M\.openjfx\cache\21.0.5+1\amd64\vcruntime140.dll
Event: 0.373 Attempting to load shared library C:\Users\TOP M\.openjfx\cache\21.0.5+1\amd64\vcruntime140_1.dll
Event: 0.374 Loaded shared library C:\Users\TOP M\.openjfx\cache\21.0.5+1\amd64\vcruntime140_1.dll
Event: 0.382 Attempting to load shared library C:\Users\TOP M\.openjfx\cache\21.0.5+1\amd64\msvcp140.dll
Event: 0.382 Loaded shared library C:\Users\TOP M\.openjfx\cache\21.0.5+1\amd64\msvcp140.dll
Event: 0.385 Attempting to load shared library C:\Users\TOP M\.openjfx\cache\21.0.5+1\amd64\msvcp140_1.dll
Event: 0.386 Loaded shared library C:\Users\TOP M\.openjfx\cache\21.0.5+1\amd64\msvcp140_1.dll
Event: 0.390 Attempting to load shared library C:\Users\TOP M\.openjfx\cache\21.0.5+1\amd64\msvcp140_2.dll
Event: 0.390 Loaded shared library C:\Users\TOP M\.openjfx\cache\21.0.5+1\amd64\msvcp140_2.dll
Event: 0.423 Attempting to load shared library C:\Users\TOP M\.openjfx\cache\21.0.5+1\amd64\prism_d3d.dll
Event: 0.426 Loaded shared library C:\Users\TOP M\.openjfx\cache\21.0.5+1\amd64\prism_d3d.dll
Event: 0.480 Attempting to load shared library C:\Users\TOP M\.openjfx\cache\21.0.5+1\amd64\glass.dll
Event: 0.481 Loaded shared library C:\Users\TOP M\.openjfx\cache\21.0.5+1\amd64\glass.dll
Event: 0.562 Attempting to load shared library C:\Program Files\Java\jdk-26.0.1\bin\jimage.dll
Event: 0.562 Loaded shared library C:\Program Files\Java\jdk-26.0.1\bin\jimage.dll
Event: 0.793 Attempting to load shared library C:\Users\TOP M\.openjfx\cache\21.0.5+1\amd64\javafx_font.dll
Event: 0.794 Loaded shared library C:\Users\TOP M\.openjfx\cache\21.0.5+1\amd64\javafx_font.dll

Deoptimization events (20 events):
Event: 0.822 Thread 0x000001cb9f33fd80 Uncommon trap: trap_request=0xffffffde fr.pc=0x000001cb907fb42c relative=0x00000000000002ac
Event: 0.822 Thread 0x000001cb9f33fd80 Uncommon trap: reason=class_check action=maybe_recompile pc=0x000001cb907fb42c method=java.util.HashMap.getNode(Ljava/lang/Object;)Ljava/util/HashMap$Node; @ 128 c2
Event: 0.822 Thread 0x000001cb9f33fd80 DEOPT PACKING pc=0x000001cb907fb42c sp=0x0000008bfe1fceb0
Event: 0.822 Thread 0x000001cb9f33fd80 DEOPT UNPACKING pc=0x000001cb90171882 sp=0x0000008bfe1fce18 mode 2
Event: 0.827 Thread 0x000001cb9f33fd80 Uncommon trap: trap_request=0xffffffc6 fr.pc=0x000001cb908032c4 relative=0x00000000000018c4
Event: 0.827 Thread 0x000001cb9f33fd80 Uncommon trap: reason=bimorphic_or_optimized_type_check action=maybe_recompile pc=0x000001cb908032c4 method=java.io.DataInputStream.readFully([BII)V @ 30 c2
Event: 0.827 Thread 0x000001cb9f33fd80 DEOPT PACKING pc=0x000001cb908032c4 sp=0x0000008bfe1fc830
Event: 0.827 Thread 0x000001cb9f33fd80 DEOPT UNPACKING pc=0x000001cb90171882 sp=0x0000008bfe1fc818 mode 2
Event: 0.828 Thread 0x000001cb9f33fd80 Uncommon trap: trap_request=0xffffffc6 fr.pc=0x000001cb908032c4 relative=0x00000000000018c4
Event: 0.828 Thread 0x000001cb9f33fd80 Uncommon trap: reason=bimorphic_or_optimized_type_check action=maybe_recompile pc=0x000001cb908032c4 method=java.io.DataInputStream.readFully([BII)V @ 30 c2
Event: 0.828 Thread 0x000001cb9f33fd80 DEOPT PACKING pc=0x000001cb908032c4 sp=0x0000008bfe1fc830
Event: 0.828 Thread 0x000001cb9f33fd80 DEOPT UNPACKING pc=0x000001cb90171882 sp=0x0000008bfe1fc818 mode 2
Event: 0.828 Thread 0x000001cb9f33fd80 Uncommon trap: trap_request=0xffffffc6 fr.pc=0x000001cb908032c4 relative=0x00000000000018c4
Event: 0.828 Thread 0x000001cb9f33fd80 Uncommon trap: reason=bimorphic_or_optimized_type_check action=maybe_recompile pc=0x000001cb908032c4 method=java.io.DataInputStream.readFully([BII)V @ 30 c2
Event: 0.828 Thread 0x000001cb9f33fd80 DEOPT PACKING pc=0x000001cb908032c4 sp=0x0000008bfe1fc830
Event: 0.828 Thread 0x000001cb9f33fd80 DEOPT UNPACKING pc=0x000001cb90171882 sp=0x0000008bfe1fc818 mode 2
Event: 0.828 Thread 0x000001cb9f33fd80 Uncommon trap: trap_request=0xffffffc6 fr.pc=0x000001cb908032c4 relative=0x00000000000018c4
Event: 0.828 Thread 0x000001cb9f33fd80 Uncommon trap: reason=bimorphic_or_optimized_type_check action=maybe_recompile pc=0x000001cb908032c4 method=java.io.DataInputStream.readFully([BII)V @ 30 c2
Event: 0.828 Thread 0x000001cb9f33fd80 DEOPT PACKING pc=0x000001cb908032c4 sp=0x0000008bfe1fc830
Event: 0.828 Thread 0x000001cb9f33fd80 DEOPT UNPACKING pc=0x000001cb90171882 sp=0x0000008bfe1fc818 mode 2

Classes loaded (20 events):
Event: 0.798 Loading class sun/net/www/protocol/jar/URLJarFile
Event: 0.798 Loading class sun/net/www/protocol/jar/URLJarFile done
Event: 0.799 Loading class sun/net/www/protocol/jar/URLJarFile$URLJarFileEntry
Event: 0.799 Loading class sun/net/www/protocol/jar/URLJarFile$URLJarFileEntry done
Event: 0.799 Loading class sun/net/www/protocol/jar/JarURLConnection$JarURLInputStream
Event: 0.799 Loading class sun/net/www/protocol/jar/JarURLConnection$JarURLInputStream done
Event: 0.810 Loading class java/util/AbstractList$RandomAccessSubList
Event: 0.810 Loading class java/util/AbstractList$SubList
Event: 0.810 Loading class java/util/AbstractList$SubList done
Event: 0.810 Loading class java/util/AbstractList$RandomAccessSubList done
Event: 0.811 Loading class java/util/AbstractList$SubList$1
Event: 0.811 Loading class java/util/AbstractList$SubList$1 done
Event: 0.811 Loading class java/util/AbstractList$ListItr
Event: 0.811 Loading class java/util/AbstractList$ListItr done
Event: 0.838 Loading class java/util/WeakHashMap$Values
Event: 0.838 Loading class java/util/WeakHashMap$Values done
Event: 0.838 Loading class java/util/WeakHashMap$ValueIterator
Event: 0.838 Loading class java/util/WeakHashMap$ValueIterator done
Event: 0.840 Loading class java/lang/CloneNotSupportedException
Event: 0.840 Loading class java/lang/CloneNotSupportedException done

Classes unloaded (0 events):
No events

Classes redefined (0 events):
No events

Internal exceptions (20 events):
Event: 0.416 Thread 0x000001cbf7bd4850 Exception <a 'java/lang/NoSuchMethodError'{0x000000070716c408}: 'void java.lang.invoke.DirectMethodHandle$Holder.invokeStatic(java.lang.Object, java.lang.Object, java.lang.Object)'> (0x000000070716c408) 
thrown [s\open\src\hotspot\share\interpreter\linkResolver.cpp, line 804]
Event: 0.485 Thread 0x000001cbf7bd4850 Exception <a 'java/lang/NoSuchMethodError'{0x0000000706f41cd8}: 'java.lang.Object java.lang.invoke.DirectMethodHandle$Holder.newInvokeSpecial(java.lang.Object, java.lang.Object, int, java.lang.Object)'> (0x0000000706f41cd8) 
thrown [s\open\src\hotspot\share\interpreter\linkResolver.cpp, line 804]
Event: 0.485 Thread 0x000001cbf7bd4850 Exception <a 'java/lang/NoSuchMethodError'{0x0000000706f4adc0}: 'java.lang.Object java.lang.invoke.Invokers$Holder.linkToTargetMethod(java.lang.Object, int, java.lang.Object, java.lang.Object)'> (0x0000000706f4adc0) 
thrown [s\open\src\hotspot\share\interpreter\linkResolver.cpp, line 804]
Event: 0.532 Thread 0x000001cb9f33fd80 Exception <a 'java/lang/NoSuchMethodError'{0x0000000706a0d170}: 'void java.lang.invoke.DirectMethodHandle$Holder.invokeStaticInit(java.lang.Object)'> (0x0000000706a0d170) 
thrown [s\open\src\hotspot\share\interpreter\linkResolver.cpp, line 804]
Event: 0.535 Thread 0x000001cbf7bd4850 Exception <a 'java/lang/NoSuchMethodError'{0x0000000706a5c9c0}: 'java.lang.Object java.lang.invoke.DirectMethodHandle$Holder.newInvokeSpecial(java.lang.Object, java.lang.Object, java.lang.Object, java.lang.Object, java.lang.Object, java.lang.Object)'> (0x0000000706a5c9c0) 
thrown [s\open\src\hotspot\share\interpreter\linkResolver.cpp, line 804]
Event: 0.542 Thread 0x000001cbf7bd4850 Exception <a 'java/lang/NoSuchMethodError'{0x0000000706ae6948}: 'java.lang.Object java.lang.invoke.DirectMethodHandle$Holder.newInvokeSpecial(java.lang.Object, java.lang.Object, java.lang.Object, java.lang.Object, java.lang.Object)'> (0x0000000706ae6948) 
thrown [s\open\src\hotspot\share\interpreter\linkResolver.cpp, line 804]
Event: 0.592 Thread 0x000001cb9f33fd80 Exception <a 'java/lang/NoSuchMethodError'{0x0000000707258e18}: 'java.lang.Object java.lang.invoke.DirectMethodHandle$Holder.invokeInterface(java.lang.Object, java.lang.Object)'> (0x0000000707258e18) 
thrown [s\open\src\hotspot\share\interpreter\linkResolver.cpp, line 804]
Event: 0.628 Thread 0x000001cb9f33fd80 Exception <a 'java/lang/NoSuchMethodError'{0x000000070714bd78}: 'java.lang.Object java.lang.invoke.DirectMethodHandle$Holder.invokeStaticInit(java.lang.Object, java.lang.Object, java.lang.Object, java.lang.Object)'> (0x000000070714bd78) 
thrown [s\open\src\hotspot\share\interpreter\linkResolver.cpp, line 804]
Event: 0.629 Thread 0x000001cb9f33fd80 Exception <a 'java/lang/NullPointerException'{0x0000000707167ac0}> (0x0000000707167ac0) 
thrown [s\open\src\hotspot\share\interpreter\linkResolver.cpp, line 1428]
Event: 0.655 Thread 0x000001cb9f33fd80 Exception <a 'java/lang/NoSuchMethodError'{0x0000000706fe8e40}: 'java.lang.Object java.lang.invoke.Invokers$Holder.invokeExact_MT(java.lang.Object, java.lang.Object, java.lang.Object, java.lang.Object, java.lang.Object)'> (0x0000000706fe8e40) 
thrown [s\open\src\hotspot\share\interpreter\linkResolver.cpp, line 804]
Event: 0.756 Thread 0x000001cb9f33fd80 Exception <a 'java/lang/NoSuchMethodError'{0x000000070732f208}: 'void java.lang.invoke.DirectMethodHandle$Holder.invokeSpecial(java.lang.Object, java.lang.Object, double)'> (0x000000070732f208) 
thrown [s\open\src\hotspot\share\interpreter\linkResolver.cpp, line 804]
Event: 0.757 Thread 0x000001cb9f33fd80 Exception <a 'java/lang/NoSuchMethodError'{0x0000000707347ed0}: 'double java.lang.invoke.DelegatingMethodHandle$Holder.reinvoke_L(java.lang.Object, java.lang.Object, int)'> (0x0000000707347ed0) 
thrown [s\open\src\hotspot\share\interpreter\linkResolver.cpp, line 804]
Event: 0.759 Thread 0x000001cb9f33fd80 Exception <a 'java/lang/NoSuchMethodError'{0x000000070735fd50}: 'java.lang.Object java.lang.invoke.DirectMethodHandle$Holder.invokeStatic(java.lang.Object, java.lang.Object, java.lang.Object, java.lang.Object, int)'> (0x000000070735fd50) 
thrown [s\open\src\hotspot\share\interpreter\linkResolver.cpp, line 804]
Event: 0.761 Thread 0x000001cb9f33fd80 Exception <a 'java/lang/NoSuchMethodError'{0x00000007073793b0}: 'void java.lang.invoke.DelegatingMethodHandle$Holder.reinvoke_L(java.lang.Object, java.lang.Object, double)'> (0x00000007073793b0) 
thrown [s\open\src\hotspot\share\interpreter\linkResolver.cpp, line 804]
Event: 0.763 Thread 0x000001cb9f33fd80 Exception <a 'java/lang/NoSuchMethodError'{0x00000007073a3398}: 'void java.lang.invoke.DirectMethodHandle$Holder.invokeSpecial(java.lang.Object, java.lang.Object, int)'> (0x00000007073a3398) 
thrown [s\open\src\hotspot\share\interpreter\linkResolver.cpp, line 804]
Event: 0.764 Thread 0x000001cb9f33fd80 Exception <a 'java/lang/NoSuchMethodError'{0x00000007073bc8a0}: 'void java.lang.invoke.DelegatingMethodHandle$Holder.reinvoke_L(java.lang.Object, java.lang.Object, int)'> (0x00000007073bc8a0) 
thrown [s\open\src\hotspot\share\interpreter\linkResolver.cpp, line 804]
Event: 0.773 Thread 0x000001cb9f33fd80 Exception <a 'java/lang/ClassNotFoundException'{0x000000070709b9d0}: com/sun/glass/ui/win/themes> (0x000000070709b9d0) 
thrown [s\open\src\hotspot\share\prims\jni.cpp, line 532]
Event: 0.773 Thread 0x000001cb9f33fd80 Exception <a 'java/lang/ClassNotFoundException'{0x00000007070a3a30}: com/sun/glass/ui/win/themes_en> (0x00000007070a3a30) 
thrown [s\open\src\hotspot\share\prims\jni.cpp, line 532]
Event: 0.773 Thread 0x000001cb9f33fd80 Exception <a 'java/lang/ClassNotFoundException'{0x00000007070ab6c8}: com/sun/glass/ui/win/themes_en_US> (0x00000007070ab6c8) 
thrown [s\open\src\hotspot\share\prims\jni.cpp, line 532]
Event: 0.839 Thread 0x000001cb9f33fd80 Exception <a 'java/lang/NoSuchMethodError'{0x0000000707318ca0}: 'void java.lang.invoke.DirectMethodHandle$Holder.invokeStaticInit(java.lang.Object, java.lang.Object)'> (0x0000000707318ca0) 
thrown [s\open\src\hotspot\share\interpreter\linkResolver.cpp, line 804]

VM Operations (20 events):
Event: 0.099 Executing non-safepoint VM operation: HandshakeAllThreads (Deoptimize)
Event: 0.099 Executing non-safepoint VM operation: HandshakeAllThreads (Deoptimize) done
Event: 0.103 Executing safepoint VM operation: G1CollectForAllocation (G1 Evacuation Pause)
Event: 0.104 Executing safepoint VM operation: G1CollectForAllocation (G1 Evacuation Pause) done
Event: 0.137 Executing safepoint VM operation: G1CollectForAllocation (G1 Evacuation Pause)
Event: 0.139 Executing safepoint VM operation: G1CollectForAllocation (G1 Evacuation Pause) done
Event: 0.475 Executing non-safepoint VM operation: HandshakeAllThreads (Deoptimize)
Event: 0.475 Executing non-safepoint VM operation: HandshakeAllThreads (Deoptimize) done
Event: 0.572 Executing safepoint VM operation: G1CollectForAllocation (G1 Evacuation Pause)
Event: 0.574 Executing safepoint VM operation: G1CollectForAllocation (G1 Evacuation Pause) done
Event: 0.663 Executing non-safepoint VM operation: HandshakeAllThreads (Deoptimize)
Event: 0.663 Executing non-safepoint VM operation: HandshakeAllThreads (Deoptimize) done
Event: 0.694 Executing safepoint VM operation: G1CollectForAllocation (G1 Evacuation Pause)
Event: 0.696 Executing safepoint VM operation: G1CollectForAllocation (G1 Evacuation Pause) done
Event: 0.722 Executing safepoint VM operation: G1CollectForAllocation (G1 Evacuation Pause)
Event: 0.724 Executing safepoint VM operation: G1CollectForAllocation (G1 Evacuation Pause) done
Event: 0.798 Executing non-safepoint VM operation: HandshakeAllThreads (Deoptimize)
Event: 0.798 Executing non-safepoint VM operation: HandshakeAllThreads (Deoptimize) done
Event: 0.807 Executing safepoint VM operation: G1CollectForAllocation (G1 Evacuation Pause)
Event: 0.809 Executing safepoint VM operation: G1CollectForAllocation (G1 Evacuation Pause) done

Memory protections (0 events):
No events

Nmethod flushes (0 events):
No events

Events (20 events):
Event: 0.030 Thread 0x000001cbf7bd4850 Thread added: 0x000001cb9a9478b0
Event: 0.049 Thread 0x000001cbf7bd4850 Thread added: 0x000001cb9a9210e0
Event: 0.055 Thread 0x000001cb9a9478b0 Thread added: 0x000001cb9ac7ab20
Event: 0.055 Thread 0x000001cb9a9478b0 Thread added: 0x000001cb9ac7b3e0
Event: 0.056 Thread 0x000001cb9ac7ab20 Thread added: 0x000001cb9ac7ca70
Event: 0.068 Thread 0x000001cb9ac7ab20 Thread added: 0x000001cb9adca8e0
Event: 0.083 Thread 0x000001cb9a9478b0 Thread added: 0x000001cb9ae52300
Event: 0.085 Thread 0x000001cb9a939bc0 Thread added: 0x000001cb9ae8c260
Event: 0.110 Thread 0x000001cbf7bd4850 Thread added: 0x000001cb9f33af60
Event: 0.302 Thread 0x000001cb9ae8c260 Thread exited: 0x000001cb9ae8c260
Event: 0.417 Thread 0x000001cbf7bd4850 Thread added: 0x000001cb9f33c6d0
Event: 0.483 Thread 0x000001cbf7bd4850 Thread added: 0x000001cb9f339fc0
Event: 0.486 Thread 0x000001cbf7bd4850 Thread added: 0x000001cb9f33fd80
Event: 0.519 Thread 0x000001cb9ae52300 Thread exited: 0x000001cb9ae52300
Event: 0.522 Thread 0x000001cb9adca8e0 Thread exited: 0x000001cb9adca8e0
Event: 0.542 Thread 0x000001cbf7bd4850 Thread added: 0x000001cb9fec00e0
Event: 0.553 Thread 0x000001cb9febe970 Thread added: 0x000001cb9febe970
Event: 0.681 Thread 0x000001cb9a939bc0 Thread added: 0x000001cba00dcaf0
Event: 0.810 Thread 0x000001cb9ac7b3e0 Thread added: 0x000001cba0254a80
Event: 0.820 Thread 0x000001cb9a9478b0 Thread added: 0x000001cba03b7e20


Dynamic libraries:
0x00007ff766060000 - 0x00007ff766070000 	C:\Program Files\Java\jdk-26.0.1\bin\java.exe
0x00007ffbf9720000 - 0x00007ffbf9986000 	C:\WINDOWS\SYSTEM32\ntdll.dll
0x00007ffbf80b0000 - 0x00007ffbf8179000 	C:\WINDOWS\System32\KERNEL32.DLL
0x00007ffbf6d10000 - 0x00007ffbf7110000 	C:\WINDOWS\System32\KERNELBASE.dll
0x00007ffbf69f0000 - 0x00007ffbf6b3c000 	C:\WINDOWS\System32\ucrtbase.dll
0x00007ffbb6e80000 - 0x00007ffbb6e97000 	C:\Program Files\Java\jdk-26.0.1\bin\jli.dll
0x00007ffbb6e40000 - 0x00007ffbb6e5e000 	C:\Program Files\Java\jdk-26.0.1\bin\VCRUNTIME140.dll
0x00007ffbf82c0000 - 0x00007ffbf8487000 	C:\WINDOWS\System32\USER32.dll
0x00007ffbf7120000 - 0x00007ffbf7147000 	C:\WINDOWS\System32\win32u.dll
0x00007ffbf8080000 - 0x00007ffbf80ab000 	C:\WINDOWS\System32\GDI32.dll
0x00007ffbf6be0000 - 0x00007ffbf6d09000 	C:\WINDOWS\System32\gdi32full.dll
0x00007ffbf6940000 - 0x00007ffbf69e3000 	C:\WINDOWS\System32\msvcp_win.dll
0x00007ffbd1cb0000 - 0x00007ffbd1f42000 	C:\WINDOWS\WinSxS\amd64_microsoft.windows.common-controls_6595b64144ccf1df_6.0.26100.8737_none_3e092eaee333b772\COMCTL32.dll
0x00007ffbf8210000 - 0x00007ffbf82b9000 	C:\WINDOWS\System32\msvcrt.dll
0x00007ffbf9490000 - 0x00007ffbf94c2000 	C:\WINDOWS\System32\IMM32.DLL
0x00007ffbf1630000 - 0x00007ffbf163c000 	C:\Program Files\Java\jdk-26.0.1\bin\vcruntime140_1.dll
0x00007ffb29910000 - 0x00007ffb2999d000 	C:\Program Files\Java\jdk-26.0.1\bin\msvcp140.dll
0x00007ffb220a0000 - 0x00007ffb22f6e000 	C:\Program Files\Java\jdk-26.0.1\bin\server\jvm.dll
0x00007ffbf7560000 - 0x00007ffbf7617000 	C:\WINDOWS\System32\ADVAPI32.dll
0x00007ffbf9610000 - 0x00007ffbf96ba000 	C:\WINDOWS\System32\sechost.dll
0x00007ffbf8d40000 - 0x00007ffbf8e58000 	C:\WINDOWS\System32\RPCRT4.dll
0x00007ffbf74d0000 - 0x00007ffbf7550000 	C:\WINDOWS\System32\WS2_32.dll
0x00007ffbf5440000 - 0x00007ffbf549e000 	C:\WINDOWS\SYSTEM32\POWRPROF.dll
0x00007ffbec1f0000 - 0x00007ffbec1fb000 	C:\WINDOWS\SYSTEM32\VERSION.dll
0x00007ffbe2870000 - 0x00007ffbe28a6000 	C:\WINDOWS\SYSTEM32\WINMM.dll
0x00007ffbf5420000 - 0x00007ffbf5434000 	C:\WINDOWS\SYSTEM32\UMPDC.dll
0x00007ffbf5660000 - 0x00007ffbf567b000 	C:\WINDOWS\SYSTEM32\kernel.appcore.dll
0x00007ffbe9300000 - 0x00007ffbe930a000 	C:\Program Files\Java\jdk-26.0.1\bin\jimage.dll
0x00007ffbf3c40000 - 0x00007ffbf3e82000 	C:\WINDOWS\SYSTEM32\DBGHELP.DLL
0x00007ffbf8490000 - 0x00007ffbf8813000 	C:\WINDOWS\System32\combase.dll
0x00007ffbf8bd0000 - 0x00007ffbf8ca9000 	C:\WINDOWS\System32\OLEAUT32.dll
0x00007ffbb9800000 - 0x00007ffbb983b000 	C:\WINDOWS\SYSTEM32\dbgcore.DLL
0x00007ffbf7390000 - 0x00007ffbf743c000 	C:\WINDOWS\System32\bcryptPrimitives.dll
0x00007ffbab780000 - 0x00007ffbab79f000 	C:\Program Files\Java\jdk-26.0.1\bin\java.dll
0x00007ffbf8e60000 - 0x00007ffbf8ff9000 	C:\WINDOWS\System32\ole32.dll
0x00007ffbf77c0000 - 0x00007ffbf7f52000 	C:\WINDOWS\System32\SHELL32.dll
0x00007ffbf43e0000 - 0x00007ffbf4c72000 	C:\WINDOWS\SYSTEM32\windows.storage.dll
0x00007ffbf7f80000 - 0x00007ffbf8077000 	C:\WINDOWS\System32\SHCORE.dll
0x00007ffbf9580000 - 0x00007ffbf95e7000 	C:\WINDOWS\System32\shlwapi.dll
0x00007ffbf6860000 - 0x00007ffbf6889000 	C:\WINDOWS\SYSTEM32\profapi.dll
0x00007ffba9b80000 - 0x00007ffba9b92000 	C:\Program Files\Java\jdk-26.0.1\bin\net.dll
0x00007ffbf5c90000 - 0x00007ffbf5cfc000 	C:\WINDOWS\system32\mswsock.dll
0x00007ffb63e60000 - 0x00007ffb63e76000 	C:\Program Files\Java\jdk-26.0.1\bin\nio.dll
0x00007ffb62fc0000 - 0x00007ffb62fd7000 	C:\Program Files\Java\jdk-26.0.1\bin\zip.dll
0x000001cb9f960000 - 0x000001cb9f963000 	C:\Users\TOP M\.openjfx\cache\21.0.5+1\amd64\api-ms-win-core-console-l1-1-0.dll
0x000001cb9f970000 - 0x000001cb9f973000 	C:\Users\TOP M\.openjfx\cache\21.0.5+1\amd64\api-ms-win-core-console-l1-2-0.dll
0x000001cb9f980000 - 0x000001cb9f983000 	C:\Users\TOP M\.openjfx\cache\21.0.5+1\amd64\api-ms-win-core-datetime-l1-1-0.dll
0x000001cb9f990000 - 0x000001cb9f993000 	C:\Users\TOP M\.openjfx\cache\21.0.5+1\amd64\api-ms-win-core-debug-l1-1-0.dll
0x000001cb9f9a0000 - 0x000001cb9f9a3000 	C:\Users\TOP M\.openjfx\cache\21.0.5+1\amd64\api-ms-win-core-errorhandling-l1-1-0.dll
0x000001cb9f9b0000 - 0x000001cb9f9b4000 	C:\Users\TOP M\.openjfx\cache\21.0.5+1\amd64\api-ms-win-core-file-l1-1-0.dll
0x000001cb9f9c0000 - 0x000001cb9f9c3000 	C:\Users\TOP M\.openjfx\cache\21.0.5+1\amd64\api-ms-win-core-file-l1-2-0.dll
0x000001cb9f9d0000 - 0x000001cb9f9d3000 	C:\Users\TOP M\.openjfx\cache\21.0.5+1\amd64\api-ms-win-core-file-l2-1-0.dll
0x000001cb9f9e0000 - 0x000001cb9f9e3000 	C:\Users\TOP M\.openjfx\cache\21.0.5+1\amd64\api-ms-win-core-handle-l1-1-0.dll
0x000001cb9f9f0000 - 0x000001cb9f9f3000 	C:\Users\TOP M\.openjfx\cache\21.0.5+1\amd64\api-ms-win-core-heap-l1-1-0.dll
0x000001cb9fa00000 - 0x000001cb9fa03000 	C:\Users\TOP M\.openjfx\cache\21.0.5+1\amd64\api-ms-win-core-interlocked-l1-1-0.dll
0x000001cb9fa10000 - 0x000001cb9fa13000 	C:\Users\TOP M\.openjfx\cache\21.0.5+1\amd64\api-ms-win-core-libraryloader-l1-1-0.dll
0x000001cb9fa20000 - 0x000001cb9fa23000 	C:\Users\TOP M\.openjfx\cache\21.0.5+1\amd64\api-ms-win-core-localization-l1-2-0.dll
0x000001cb9fa30000 - 0x000001cb9fa33000 	C:\Users\TOP M\.openjfx\cache\21.0.5+1\amd64\api-ms-win-core-memory-l1-1-0.dll
0x000001cb9fa40000 - 0x000001cb9fa43000 	C:\Users\TOP M\.openjfx\cache\21.0.5+1\amd64\api-ms-win-core-namedpipe-l1-1-0.dll
0x000001cb9fa50000 - 0x000001cb9fa53000 	C:\Users\TOP M\.openjfx\cache\21.0.5+1\amd64\api-ms-win-core-processenvironment-l1-1-0.dll
0x000001cb9fa60000 - 0x000001cb9fa63000 	C:\Users\TOP M\.openjfx\cache\21.0.5+1\amd64\api-ms-win-core-processthreads-l1-1-0.dll
0x000001cb9fa70000 - 0x000001cb9fa73000 	C:\Users\TOP M\.openjfx\cache\21.0.5+1\amd64\api-ms-win-core-processthreads-l1-1-1.dll
0x000001cb9fa80000 - 0x000001cb9fa83000 	C:\Users\TOP M\.openjfx\cache\21.0.5+1\amd64\api-ms-win-core-profile-l1-1-0.dll
0x000001cb9fa90000 - 0x000001cb9fa93000 	C:\Users\TOP M\.openjfx\cache\21.0.5+1\amd64\api-ms-win-core-rtlsupport-l1-1-0.dll
0x000001cb9faa0000 - 0x000001cb9faa3000 	C:\Users\TOP M\.openjfx\cache\21.0.5+1\amd64\api-ms-win-core-string-l1-1-0.dll
0x000001cb9fab0000 - 0x000001cb9fab3000 	C:\Users\TOP M\.openjfx\cache\21.0.5+1\amd64\api-ms-win-core-synch-l1-1-0.dll
0x000001cb9fac0000 - 0x000001cb9fac3000 	C:\Users\TOP M\.openjfx\cache\21.0.5+1\amd64\api-ms-win-core-synch-l1-2-0.dll
0x000001cb9fad0000 - 0x000001cb9fad3000 	C:\Users\TOP M\.openjfx\cache\21.0.5+1\amd64\api-ms-win-core-sysinfo-l1-1-0.dll
0x000001cb9fae0000 - 0x000001cb9fae3000 	C:\Users\TOP M\.openjfx\cache\21.0.5+1\amd64\api-ms-win-core-timezone-l1-1-0.dll
0x000001cb9faf0000 - 0x000001cb9faf3000 	C:\Users\TOP M\.openjfx\cache\21.0.5+1\amd64\api-ms-win-core-util-l1-1-0.dll
0x000001cb9fb00000 - 0x000001cb9fb03000 	C:\Users\TOP M\.openjfx\cache\21.0.5+1\amd64\api-ms-win-crt-conio-l1-1-0.dll
0x000001cb9fb10000 - 0x000001cb9fb14000 	C:\Users\TOP M\.openjfx\cache\21.0.5+1\amd64\api-ms-win-crt-convert-l1-1-0.dll
0x000001cb9fb20000 - 0x000001cb9fb23000 	C:\Users\TOP M\.openjfx\cache\21.0.5+1\amd64\api-ms-win-crt-environment-l1-1-0.dll
0x000001cb9fb30000 - 0x000001cb9fb33000 	C:\Users\TOP M\.openjfx\cache\21.0.5+1\amd64\api-ms-win-crt-filesystem-l1-1-0.dll
0x000001cb9fb40000 - 0x000001cb9fb43000 	C:\Users\TOP M\.openjfx\cache\21.0.5+1\amd64\api-ms-win-crt-heap-l1-1-0.dll
0x000001cb9fb50000 - 0x000001cb9fb53000 	C:\Users\TOP M\.openjfx\cache\21.0.5+1\amd64\api-ms-win-crt-locale-l1-1-0.dll
0x000001cb9fb60000 - 0x000001cb9fb65000 	C:\Users\TOP M\.openjfx\cache\21.0.5+1\amd64\api-ms-win-crt-math-l1-1-0.dll
0x000001cb9fb70000 - 0x000001cb9fb75000 	C:\Users\TOP M\.openjfx\cache\21.0.5+1\amd64\api-ms-win-crt-multibyte-l1-1-0.dll
0x000001cb9fb80000 - 0x000001cb9fb90000 	C:\Users\TOP M\.openjfx\cache\21.0.5+1\amd64\api-ms-win-crt-private-l1-1-0.dll
0x000001cb9fb90000 - 0x000001cb9fb93000 	C:\Users\TOP M\.openjfx\cache\21.0.5+1\amd64\api-ms-win-crt-process-l1-1-0.dll
0x000001cb9fba0000 - 0x000001cb9fba4000 	C:\Users\TOP M\.openjfx\cache\21.0.5+1\amd64\api-ms-win-crt-runtime-l1-1-0.dll
0x000001cb9fbb0000 - 0x000001cb9fbb4000 	C:\Users\TOP M\.openjfx\cache\21.0.5+1\amd64\api-ms-win-crt-stdio-l1-1-0.dll
0x000001cb9fbc0000 - 0x000001cb9fbc4000 	C:\Users\TOP M\.openjfx\cache\21.0.5+1\amd64\api-ms-win-crt-string-l1-1-0.dll
0x000001cb9fbd0000 - 0x000001cb9fbd3000 	C:\Users\TOP M\.openjfx\cache\21.0.5+1\amd64\api-ms-win-crt-time-l1-1-0.dll
0x000001cb9fbe0000 - 0x000001cb9fbe3000 	C:\Users\TOP M\.openjfx\cache\21.0.5+1\amd64\api-ms-win-crt-utility-l1-1-0.dll
0x00007ffb29140000 - 0x00007ffb2923c000 	C:\Users\TOP M\.openjfx\cache\21.0.5+1\amd64\ucrtbase.dll
0x00007ffbd2770000 - 0x00007ffbd278b000 	C:\Users\TOP M\.openjfx\cache\21.0.5+1\amd64\vcruntime140.dll
0x00007ffbd62d0000 - 0x00007ffbd62dc000 	C:\Users\TOP M\.openjfx\cache\21.0.5+1\amd64\vcruntime140_1.dll
0x00007ffb29880000 - 0x00007ffb2990e000 	C:\Users\TOP M\.openjfx\cache\21.0.5+1\amd64\msvcp140.dll
0x00007ffbd5b40000 - 0x00007ffbd5b49000 	C:\Users\TOP M\.openjfx\cache\21.0.5+1\amd64\msvcp140_1.dll
0x00007ffb290f0000 - 0x00007ffb29131000 	C:\Users\TOP M\.openjfx\cache\21.0.5+1\amd64\msvcp140_2.dll
0x00007ffb5a160000 - 0x00007ffb5a190000 	C:\Users\TOP M\.openjfx\cache\21.0.5+1\amd64\prism_d3d.dll
0x00007ffbc1a10000 - 0x00007ffbc1bc2000 	C:\WINDOWS\system32\d3d9.dll
0x00007ffbf38b0000 - 0x00007ffbf38df000 	C:\WINDOWS\SYSTEM32\dwmapi.dll
0x00007ffbf3900000 - 0x00007ffbf3946000 	C:\WINDOWS\SYSTEM32\dxcore.dll
0x00007ffbf33c0000 - 0x00007ffbf3469000 	C:\WINDOWS\system32\uxtheme.dll
0x00007ffb28cc0000 - 0x00007ffb28ef8000 	C:\WINDOWS\System32\DriverStore\FileRepository\iigd_dch.inf_amd64_0fdf6ce291234272\igdumdim64.dll
0x00007ffb20d30000 - 0x00007ffb220a0000 	C:\WINDOWS\System32\DriverStore\FileRepository\iigd_dch.inf_amd64_0fdf6ce291234272\igd9dxva64.dll
0x00007ffbf9000000 - 0x00007ffbf9487000 	C:\WINDOWS\System32\SETUPAPI.dll
0x00007ffbf65c0000 - 0x00007ffbf6611000 	C:\WINDOWS\SYSTEM32\cfgmgr32.dll
0x00007ffb801f0000 - 0x00007ffb81f11000 	C:\WINDOWS\System32\DriverStore\FileRepository\iigd_dch.inf_amd64_0fdf6ce291234272\media_bin_64.dll
0x00007ffbe1b80000 - 0x00007ffbe1fb8000 	C:\WINDOWS\System32\DriverStore\FileRepository\iigd_dch.inf_amd64_0fdf6ce291234272\igdgmm64.dll
0x00007ffbeb590000 - 0x00007ffbeb5ef000 	C:\WINDOWS\SYSTEM32\directxdatabasehelper.dll
0x00007ffb290a0000 - 0x00007ffb290e2000 	C:\Users\TOP M\.openjfx\cache\21.0.5+1\amd64\glass.dll
0x00007ffbf8ad0000 - 0x00007ffbf8bc2000 	C:\WINDOWS\System32\COMDLG32.dll
0x00007ffbf7650000 - 0x00007ffbf77ad000 	C:\WINDOWS\System32\MSCTF.dll
0x00007ffb801c0000 - 0x00007ffb801e7000 	C:\WINDOWS\System32\DriverStore\FileRepository\iigd_dch.inf_amd64_0fdf6ce291234272\igdinfo64.dll
0x00007ffbdcb90000 - 0x00007ffbe0a3d000 	C:\WINDOWS\System32\DriverStore\FileRepository\iigd_dch.inf_amd64_0fdf6ce291234272\igc64.dll
0x00007ffb62a80000 - 0x00007ffb62a95000 	C:\Users\TOP M\.openjfx\cache\21.0.5+1\amd64\javafx_font.dll
0x00007ffbf1d60000 - 0x00007ffbf1fc7000 	C:\WINDOWS\SYSTEM32\dwrite.dll
0x00007ffbf8a10000 - 0x00007ffbf8abe000 	C:\WINDOWS\System32\clbcatq.dll
0x00007ffbf1b20000 - 0x00007ffbf1d4d000 	C:\WINDOWS\SYSTEM32\WindowsCodecs.dll
0x00007ffbb6dc0000 - 0x00007ffbb6e1d000 	C:\WINDOWS\system32\dataexchange.dll
0x00007ffbe9d90000 - 0x00007ffbe9fdf000 	C:\WINDOWS\system32\twinapi.appcore.dll
0x00007ffb28c80000 - 0x00007ffb28cac000 	C:\Program Files\Common Files\Microsoft Shared\Ink\rtscom.dll

JVMTI agents: none

dbghelp: loaded successfully - version: 4.0.5 - missing functions: none
symbol engine: initialized successfully - sym options: 0x614 - pdb path: .;C:\Program Files\Java\jdk-26.0.1\bin;C:\WINDOWS\SYSTEM32;C:\WINDOWS\WinSxS\amd64_microsoft.windows.common-controls_6595b64144ccf1df_6.0.26100.8737_none_3e092eaee333b772;C:\Program Files\Java\jdk-26.0.1\bin\server;C:\Users\TOP M\.openjfx\cache\21.0.5+1\amd64;C:\WINDOWS\System32\DriverStore\FileRepository\iigd_dch.inf_amd64_0fdf6ce291234272;C:\Program Files\Common Files\Microsoft Shared\Ink

VM Arguments:
jvm_args: -Dfile.encoding=IBM437 --module-path=C:\Users\TOP M\.m2\repository\org\openjfx\javafx-base\21.0.5\javafx-base-21.0.5-win.jar;C:\Users\TOP M\.m2\repository\org\openjfx\javafx-base\21.0.5\javafx-base-21.0.5.jar;C:\Users\TOP M\.m2\repository\org\openjfx\javafx-controls\21.0.5\javafx-controls-21.0.5-win.jar;C:\Users\TOP M\.m2\repository\org\openjfx\javafx-controls\21.0.5\javafx-controls-21.0.5.jar;C:\Users\TOP M\.m2\repository\org\openjfx\javafx-fxml\21.0.5\javafx-fxml-21.0.5-win.jar;C:\Users\TOP M\.m2\repository\org\openjfx\javafx-fxml\21.0.5\javafx-fxml-21.0.5.jar;C:\Users\TOP M\.m2\repository\org\openjfx\javafx-graphics\21.0.5\javafx-graphics-21.0.5-win.jar;C:\Users\TOP M\.m2\repository\org\openjfx\javafx-graphics\21.0.5\javafx-graphics-21.0.5.jar --add-modules=javafx.base,javafx.controls,javafx.fxml,javafx.graphics 
java_command: com.smartfarm.Main
java_class_path (initial): C:\Users\TOP M\Downloads\farm_managment_system_DBProj\farm_managment_system\target\classes;C:\Users\TOP M\.m2\repository\org\checkerframework\checker-qual\3.48.3\checker-qual-3.48.3.jar;C:\Users\TOP M\.m2\repository\org\mindrot\jbcrypt\0.4\jbcrypt-0.4.jar;C:\Users\TOP M\.m2\repository\org\postgresql\postgresql\42.7.5\postgresql-42.7.5.jar
Launcher Type: SUN_STANDARD

[Global flags]
     bool AOTAdapterCaching                        = false                                  {diagnostic} {ergonomic}
     bool AOTInvokeDynamicLinking                  = false                                  {diagnostic} {ergonomic}
     bool AOTRecordTraining                        = false                                  {diagnostic} {ergonomic}
     bool AOTReplayTraining                        = false                                  {diagnostic} {ergonomic}
     bool AOTStubCaching                           = false                                  {diagnostic} {ergonomic}
     intx CICompilerCount                          = 12                                        {product} {ergonomic}
     uint ConcGCThreads                            = 3                                         {product} {ergonomic}
     uint G1ConcRefinementThreads                  = 13                                        {product} {ergonomic}
     uint G1EagerReclaimRemSetThreshold            = 16                                   {experimental} {ergonomic}
   size_t G1HeapRegionSize                         = 2097152                                   {product} {ergonomic}
     uint G1RemSetArrayOfCardsEntries              = 16                                   {experimental} {ergonomic}
     uint G1RemSetHowlMaxNumBuckets                = 8                                    {experimental} {ergonomic}
     uint G1RemSetHowlNumBuckets                   = 8                                    {experimental} {ergonomic}
   size_t InitialHeapSize                          = 8388608                                   {product} {ergonomic}
     bool IntelJccErratumMitigation                = false                             {ARCH diagnostic} {ergonomic}
   size_t MarkStackSize                            = 4194304                                   {product} {ergonomic}
   size_t MarkStackSizeMax                         = 536870912                                 {product} {ergonomic}
   size_t MaxHeapSize                              = 4200595456                                {product} {ergonomic}
   size_t MaxNewSize                               = 2518679552                                {product} {ergonomic}
 uint64_t MaxRAM                                   = 16800178176                               {product} {ergonomic}
   size_t MinHeapDeltaBytes                        = 2097152                                   {product} {ergonomic}
   size_t MinHeapSize                              = 8388608                                   {product} {ergonomic}
   size_t NonNMethodCodeHeapSize                   = 7667712                                {pd product} {ergonomic}
   size_t NonProfiledCodeHeapSize                  = 122028032                              {pd product} {ergonomic}
   size_t ProfiledCodeHeapSize                     = 122028032                              {pd product} {ergonomic}
   size_t ReservedCodeCacheSize                    = 251723776                              {pd product} {ergonomic}
     bool SegmentedCodeCache                       = true                                      {product} {ergonomic}
   size_t SoftMaxHeapSize                          = 4200595456                             {manageable} {ergonomic}
     bool UseCompressedOops                        = true                           {product lp64_product} {ergonomic}
     bool UseCondCardMark                          = true                                      {product} {ergonomic}
     bool UseFastUnorderedTimeStamps               = true                                 {experimental} {ergonomic}
     bool UseG1GC                                  = true                                      {product} {ergonomic}
     bool UseLargePagesIndividualAllocation        = false                                  {pd product} {ergonomic}
      int X86ICacheSync                            = 3                                 {ARCH diagnostic} {ergonomic}

Logging:
Log output configuration:
 #0: stdout all=warning uptime,level,tags foldmultilines=false
 #1: stderr all=off uptime,level,tags foldmultilines=false

Release file:
IMPLEMENTOR="Oracle Corporation" 
JAVA_RUNTIME_VERSION="26.0.1+8-34" 
JAVA_VERSION="26.0.1" 
JAVA_VERSION_DATE="2026-04-21" 
LIBC="default" 
MODULES="java.base java.compiler java.datatransfer java.xml java.prefs java.desktop java.instrument java.logging java.management java.security.sasl java.naming java.rmi java.management.rmi java.net.http java.scripting java.security.jgss java.transaction.xa java.sql java.sql.rowset java.xml.crypto java.se java.smartcardio jdk.accessibility jdk.internal.jvmstat jdk.attach jdk.charsets jdk.internal.opt jdk.zipfs jdk.compiler jdk.crypto.cryptoki jdk.crypto.ec jdk.crypto.mscapi jdk.dynalink jdk.internal.ed jdk.editpad jdk.internal.vm.ci jdk.graal.compiler jdk.graal.compiler.management jdk.hotspot.agent jdk.httpserver jdk.incubator.vector jdk.internal.le jdk.internal.md jdk.jartool jdk.javadoc jdk.jcmd jdk.management jdk.management.agent jdk.jconsole jdk.jdeps jdk.jdwp.agent jdk.jdi jdk.jfr jdk.jlink jdk.jpackage jdk.jshell jdk.jstatd jdk.localedata jdk.management.jfr jdk.naming.dns jdk.naming.rmi jdk.net jdk.nio.mapmode jdk.sctp jdk.security.auth jdk.security.jgss jdk.unsupported jdk.unsupported.desktop jdk.xml.dom" 
OS_ARCH="x86_64" 
OS_NAME="Windows" 
SOURCE=".:git:8fcde8268d22 open:git:fcc00fc4aee7" 

Environment Variables:
JAVA_HOME=C:\Users\TOP M\Downloads\java_home\jdk-25_windows-x64_bin.exe
JAVA_TOOL_OPTIONS=-Dfile.encoding=IBM437
PATH=C:\Program Files\Common Files\Oracle\Java\javapath;C:\Program Files (x86)\Razer\ChromaBroadcast\bin;C:\Program Files\Razer\ChromaBroadcast\bin;C:\ProgramData\Oracle\Java\javapath;C:\WINDOWS\system32;C:\WINDOWS;C:\WINDOWS\System32\Wbem;C:\WINDOWS\System32\WindowsPowerShell\v1.0\;C:\WINDOWS\System32\OpenSSH\;C:\Program Files\NVIDIA Corporation\NVIDIA app\NvDLISR;C:\Program Files (x86)\NVIDIA Corporation\PhysX\Common;C:\Program Files\Microsoft SQL Server\150\Tools\Binn\;C:\Program Files\dotnet\;C:\WINDOWS\system32\config\systemprofile\AppData\Local\Microsoft\WindowsApps;C:\Program Files (x86)\IVI Foundation\VISA\WinNT\Bin\;C:\Program Files\IVI Foundation\VISA\Win64\Bin\;C:\Program Files (x86)\IVI Foundation\VISA\WinNT\Bin;C:\Program Files\Git\cmd;C:\Program Files\playit_gg\bin\;D:\WindowsApps\ngrok.ngrok_3.36.1.0_x64__1g87z0zv29zzc;D:\hamachi;D:\hamachi;C:\Program Files (x86)\Windows Kits\10\Windows Performance Toolkit\;C:\Users\TOP M\AppData\Local\Microsoft\WindowsApps;C:\msys64\ucrt64\bin;C:\MinGW\bin;C:\MinGW\;C:\msys64\mingw64\bin;C:\msys64\mingw64\;C:\Users\TOP M\AppData\Local\GitHubDesktop\bin
USERNAME=TOP M
OS=Windows_NT
PROCESSOR_IDENTIFIER=Intel64 Family 6 Model 141 Stepping 1, GenuineIntel
TMP=C:\Users\TOPM~1\AppData\Local\Temp
TEMP=C:\Users\TOPM~1\AppData\Local\Temp




Compilation memory statistics disabled.

Periodic native trim disabled

---------------  S Y S T E M  ---------------

OS:
 Windows 11 , 64 bit Build 26100 (10.0.26100.8737)
OS uptime: 0 days 8:53 hours
Hyper-V role detected

CPU: total 16 (initial active 16) (8 cores per cpu, 2 threads per core) family 6 model 141 stepping 1 microcode 0x4e, cx8, cmov, fxsr, ht, mmx, 3dnowpref, sse, sse2, sse3, ssse3, sse4.1, sse4.2, popcnt, lzcnt, tsc, tscinvbit, avx, avx2, aes, erms, clmul, bmi1, bmi2, adx, avx512f, avx512dq, avx512cd, avx512bw, avx512vl, sha, fma, vzeroupper, avx512_vpopcntdq, avx512_vpclmulqdq, avx512_vaes, avx512_vnni, clflush, clflushopt, clwb, avx512_vbmi2, avx512_vbmi, hv, rdtscp, rdpid, fsrm, gfni, avx512_bitalg, f16c, cet_ibt, cet_ss, avx512_ifma
Processor Information for the first 16 processors :
  Max Mhz: 2304, Current Mhz: 2304, Mhz Limit: 2304

Memory: 4k page, system-wide physical 16021M (1434M free)
TotalPageFile size 20117M (AvailPageFile size 89M)
current process WorkingSet (physical memory assigned to process): 149M, peak: 149M
current process commit charge ("private bytes"): 196M, peak: 211M

vm_info: Java HotSpot(TM) 64-Bit Server VM (26.0.1+8-34) for windows-amd64 JRE (26.0.1+8-34), built on 2026-03-10T17:24:10Z with MS VC++ 17.13 (VS2022)

END.
