C:\Users\TOP M\Downloads\farm_managment_system_DBProj\farm_managment_system\src\main\java\com\smartfarm\model\Field.java
C:\Users\TOP M\Downloads\farm_managment_system_DBProj\farm_managment_system\src\main\java\com\smartfarm\util\DatabaseConnection.java
C:\Users\TOP M\Downloads\farm_managment_system_DBProj\farm_managment_system\src\main\java\com\smartfarm\service\AuthService.java
C:\Users\TOP M\Downloads\farm_managment_system_DBProj\farm_managment_system\src\main\java\com\smartfarm\dao\UserDAO.java
C:\Users\TOP M\Downloads\farm_managment_system_DBProj\farm_managment_system\src\main\java\com\smartfarm\util\SessionManager.java
C:\Users\TOP M\Downloads\farm_managment_system_DBProj\farm_managment_system\src\main\java\com\smartfarm\dao\CropDAO.java
C:\Users\TOP M\Downloads\farm_managment_system_DBProj\farm_managment_system\src\main\java\com\smartfarm\dao\FarmLogDAO.java
C:\Users\TOP M\Downloads\farm_managment_system_DBProj\farm_managment_system\src\main\java\com\smartfarm\service\FarmService.java
C:\Users\TOP M\Downloads\farm_managment_system_DBProj\farm_managment_system\src\main\java\com\smartfarm\model\FarmLog.java
C:\Users\TOP M\Downloads\farm_managment_system_DBProj\farm_managment_system\src\main\java\com\smartfarm\dao\FertilizerMedicineDAO.java
C:\Users\TOP M\Downloads\farm_managment_system_DBProj\farm_managment_system\src\main\java\com\smartfarm\controller\SignUpController.java
C:\Users\TOP M\Downloads\farm_managment_system_DBProj\farm_managment_system\src\main\java\com\smartfarm\dao\TransactionDAO.java
C:\Users\TOP M\Downloads\farm_managment_system_DBProj\farm_managment_system\src\main\java\com\smartfarm\model\Transaction.java
C:\Users\TOP M\Downloads\farm_managment_system_DBProj\farm_managment_system\src\main\java\com\smartfarm\util\SceneSwitcher.java
C:\Users\TOP M\Downloads\farm_managment_system_DBProj\farm_managment_system\src\main\java\com\smartfarm\controller\FarmController.java
C:\Users\TOP M\Downloads\farm_managment_system_DBProj\farm_managment_system\src\main\java\com\smartfarm\controller\LoginController.java
C:\Users\TOP M\Downloads\farm_managment_system_DBProj\farm_managment_system\src\main\java\com\smartfarm\controller\HarvestController.java
C:\Users\TOP M\Downloads\farm_managment_system_DBProj\farm_managment_system\src\main\java\com\smartfarm\model\Harvest.java
C:\Users\TOP M\Downloads\farm_managment_system_DBProj\farm_managment_system\src\main\java\com\smartfarm\util\PasswordHasher.java
C:\Users\TOP M\Downloads\farm_managment_system_DBProj\farm_managment_system\src\main\java\com\smartfarm\controller\DashboardController.java
C:\Users\TOP M\Downloads\farm_managment_system_DBProj\farm_managment_system\src\main\java\com\smartfarm\controller\WorkerController.java
C:\Users\TOP M\Downloads\farm_managment_system_DBProj\farm_managment_system\src\main\java\com\smartfarm\service\TransactionService.java
C:\Users\TOP M\Downloads\farm_managment_system_DBProj\farm_managment_system\src\main\java\com\smartfarm\service\WorkerService.java
C:\Users\TOP M\Downloads\farm_managment_system_DBProj\farm_managment_system\src\main\java\com\smartfarm\dao\FarmWorkerDAO.java
C:\Users\TOP M\Downloads\farm_managment_system_DBProj\farm_managment_system\src\main\java\com\smartfarm\model\FertilizerMedicine.java
C:\Users\TOP M\Downloads\farm_managment_system_DBProj\farm_managment_system\src\main\java\com\smartfarm\controller\TransactionController.java
C:\Users\TOP M\Downloads\farm_managment_system_DBProj\farm_managment_system\src\main\java\com\smartfarm\controller\IntroController.java
C:\Users\TOP M\Downloads\farm_managment_system_DBProj\farm_managment_system\src\main\java\com\smartfarm\Main.java
C:\Users\TOP M\Downloads\farm_managment_system_DBProj\farm_managment_system\src\main\java\com\smartfarm\model\Farm.java
C:\Users\TOP M\Downloads\farm_managment_system_DBProj\farm_managment_system\src\main\java\com\smartfarm\model\FarmWorker.java
C:\Users\TOP M\Downloads\farm_managment_system_DBProj\farm_managment_system\src\main\java\com\smartfarm\dao\FarmDAO.java
C:\Users\TOP M\Downloads\farm_managment_system_DBProj\farm_managment_system\src\main\java\com\smartfarm\dao\FieldDAO.java
C:\Users\TOP M\Downloads\farm_managment_system_DBProj\farm_managment_system\src\main\java\com\smartfarm\dao\HarvestDAO.java
C:\Users\TOP M\Downloads\farm_managment_system_DBProj\farm_managment_system\src\main\java\com\smartfarm\model\User.java
C:\Users\TOP M\Downloads\farm_managment_system_DBProj\farm_managment_system\src\main\java\com\smartfarm\model\Crop.java
